---
source: crates/sui-swarm-config/tests/snapshot_tests.rs
expression: genesis.sui_system_object().into_genesis_version_for_tooling()
---
epoch: 0
protocol_version: 92
system_state_version: 1
supper_committee:
  proposal_list: []
  extra_fields:
    id:
      id: "0x57d58d2b4dda22dcb56b07e68b8cfcad990969b2f7e8cafcf9b6bab742868ec3"
    size: 0
validators:
  total_stake: 20000000000000000
  active_validators:
    - metadata:
        sui_address: "0x60307f36c284875bf298d4d85a673046648b1ac4b47e712e42ab10d57dd77a26"
        protocol_pubkey_bytes:
          - 153
          - 242
          - 94
          - 246
          - 31
          - 128
          - 50
          - 185
          - 20
          - 99
          - 100
          - 96
          - 152
          - 44
          - 92
          - 198
          - 241
          - 52
          - 239
          - 29
          - 218
          - 231
          - 102
          - 87
          - 242
          - 203
          - 254
          - 193
          - 235
          - 252
          - 141
          - 9
          - 115
          - 116
          - 8
          - 13
          - 246
          - 252
          - 240
          - 220
          - 184
          - 188
          - 75
          - 13
          - 142
          - 10
          - 245
          - 216
          - 14
          - 187
          - 255
          - 43
          - 76
          - 89
          - 159
          - 84
          - 244
          - 45
          - 99
          - 18
          - 223
          - 195
          - 20
          - 39
          - 96
          - 120
          - 193
          - 204
          - 52
          - 126
          - 187
          - 190
          - 197
          - 25
          - 139
          - 226
          - 88
          - 81
          - 63
          - 56
          - 107
          - 147
          - 13
          - 2
          - 194
          - 116
          - 154
          - 128
          - 62
          - 35
          - 48
          - 149
          - 94
          - 189
          - 26
          - 16
        network_pubkey_bytes:
          - 148
          - 228
          - 168
          - 73
          - 49
          - 68
          - 233
          - 230
          - 150
          - 32
          - 140
          - 190
          - 208
          - 2
          - 89
          - 230
          - 221
          - 181
          - 111
          - 151
          - 155
          - 145
          - 195
          - 41
          - 103
          - 86
          - 9
          - 133
          - 190
          - 97
          - 144
          - 155
        worker_pubkey_bytes:
          - 31
          - 42
          - 121
          - 1
          - 168
          - 66
          - 228
          - 211
          - 98
          - 59
          - 198
          - 28
          - 225
          - 193
          - 113
          - 125
          - 46
          - 118
          - 142
          - 15
          - 215
          - 45
          - 248
          - 52
          - 26
          - 245
          - 102
          - 21
          - 185
          - 22
          - 240
          - 56
        proof_of_possession_bytes:
          - 151
          - 191
          - 31
          - 245
          - 62
          - 131
          - 184
          - 23
          - 162
          - 33
          - 124
          - 71
          - 229
          - 10
          - 56
          - 179
          - 47
          - 67
          - 223
          - 65
          - 196
          - 125
          - 67
          - 111
          - 55
          - 104
          - 114
          - 157
          - 166
          - 146
          - 6
          - 104
          - 90
          - 214
          - 33
          - 36
          - 63
          - 93
          - 228
          - 221
          - 166
          - 7
          - 164
          - 61
          - 169
          - 219
          - 78
          - 19
        name: "0"
        description: ""
        image_url: ""
        project_url: ""
        net_address: /ip4/127.0.0.1/tcp/80
        p2p_address: /ip4/127.0.0.1/udp/80
        primary_address: /ip4/127.0.0.1/udp/80
        worker_address: /ip4/127.0.0.1/udp/80
        next_epoch_protocol_pubkey_bytes: ~
        next_epoch_proof_of_possession: ~
        next_epoch_network_pubkey_bytes: ~
        next_epoch_worker_pubkey_bytes: ~
        next_epoch_net_address: ~
        next_epoch_p2p_address: ~
        next_epoch_primary_address: ~
        next_epoch_worker_address: ~
        extra_fields:
          id:
            id: "0xd7e6a9a78ad9ce4bb4393aee606b4e7536801d1c95875f5362195b6605a305e0"
          size: 0
      revenue_receiving_address: "0x60307f36c284875bf298d4d85a673046648b1ac4b47e712e42ab10d57dd77a26"
      only_validator_staking: true
      voting_power: 10000
      operation_cap_id: "0x06bcbe9d2036cb9e59379c7ca4d29272192060720e08058d294dc8b89268ab30"
      gas_price: 1000
      staking_pool:
        id: "0x7bf220e12422ca10a9ca502c619f3b20788c6d0533ed9fd3a5a60fcd212a318e"
        activation_epoch: 0
        deactivation_epoch: ~
        oct_balance: 20000000000000000
        rewards_pool:
          value: 0
        pool_token_balance: 20000000000000000
        exchange_rates:
          id: "0xdfac51c38535438d421f29410cae3247adc7ce4abebb86f690f5d442120e61ff"
          size: 1
        pending_stake: 0
        pending_total_oct_withdraw: 0
        pending_pool_token_withdraw: 0
        extra_fields:
          id:
            id: "0xbd7b12ca2e30648b1f609b3c1d77d48d1c14dafd2dc7d8d44bd17ca09cc2dcc9"
          size: 0
      commission_rate: 200
      next_epoch_stake: 20000000000000000
      next_epoch_gas_price: 1000
      next_epoch_commission_rate: 200
      extra_fields:
        id:
          id: "0xe15ab176648d06e12d70ef25ef2fcdf47339df06a0194a30ca7f4a05946c522f"
        size: 0
  pending_active_validators:
    contents:
      id: "0x38ce9d357a7b2ce94cd060ac7216694d8c5e63c06e37fd1968e968954d95e718"
      size: 0
  pending_removals: []
  staking_pool_mappings:
    id: "0x97ad2b2999e01bac97fa01d8e500e7a684414a6d6ebdf97f4c83df8fff61fe5f"
    size: 1
  inactive_validators:
    id: "0x27a02d224f4255c4e30a04a529a36a273d6f9954aeae752140ab152abc03fb47"
    size: 0
  validator_candidates:
    id: "0xa4357509d22582cae9144726d3f9008ad07dfb0bca3a1648d9bf10fb7aea4ed8"
    size: 0
  at_risk_validators:
    contents: []
  only_trusted_validator: true
  trusted_validators:
    contents:
      - "0x60307f36c284875bf298d4d85a673046648b1ac4b47e712e42ab10d57dd77a26"
  extra_fields:
    id:
      id: "0xc2f9c199babf6f348ad4f7629719471b51a2f9e51e041d8a21c0242d5515d0c0"
    size: 0
storage_fund:
  total_object_storage_rebates:
    value: 0
  non_refundable_balance:
    value: 0
parameters:
  epoch_duration_ms: 86400000
  stake_subsidy_start_epoch: 0
  max_validator_count: 150
  min_validator_joining_stake: 30000000000000000
  validator_low_stake_threshold: 20000000000000000
  validator_very_low_stake_threshold: 15000000000000000
  validator_low_stake_grace_period: 7
  extra_fields:
    id:
      id: "0x34221121dae0a503789b4ed88b967a1945a31d90a7c548f61d1c6ae3a68f7979"
    size: 0
reference_gas_price: 1000
validator_report_records:
  contents: []
stake_subsidy:
  balance:
    value: 9230000000000000000
  distribution_counter: 0
  current_distribution_amount: 1000000000000000
  stake_subsidy_period_length: 10
  stake_subsidy_decrease_rate: 1000
  extra_fields:
    id:
      id: "0x70cefad8da6c7a7e103695e8f5e19ddec9b383fe7a8b12bbd126b82452101256"
    size: 0
safe_mode: false
safe_mode_storage_rewards:
  value: 0
safe_mode_computation_rewards:
  value: 0
safe_mode_storage_rebates: 0
safe_mode_non_refundable_storage_fee: 0
epoch_start_timestamp_ms: 10
extra_fields:
  id:
    id: "0x6a015ab0b598b7183eb2c2d3f0956d86b28893a2b88866e5d8dfb0f7dc69d876"
  size: 0
